Analysis & Synthesis report for projet_ppm
Fri Jan 19 17:35:31 2018
Quartus II 64-Bit Version 14.0.0 Build 200 06/17/2014 SJ Full Version


---------------------
; Table of Contents ;
---------------------
  1. Legal Notice
  2. Analysis & Synthesis Summary
  3. Analysis & Synthesis Settings
  4. Parallel Compilation
  5. Analysis & Synthesis Source Files Read
  6. Analysis & Synthesis Resource Usage Summary
  7. Analysis & Synthesis Resource Utilization by Entity
  8. Analysis & Synthesis DSP Block Usage Summary
  9. State Machine - |top_ppm|send_ppm:send_ppm1|current_state
 10. Registers Removed During Synthesis
 11. General Register Statistics
 12. Multiplexer Restructuring Statistics (Restructuring Performed)
 13. Source assignments for Top-level Entity: |top_ppm
 14. Post-Synthesis Netlist Statistics for Top Partition
 15. Elapsed Time Per Partition
 16. Analysis & Synthesis Messages



----------------
; Legal Notice ;
----------------
Copyright (C) 1991-2014 Altera Corporation. All rights reserved.
Your use of Altera Corporation's design tools, logic functions 
and other software and tools, and its AMPP partner logic 
functions, and any output files from any of the foregoing 
(including device programming or simulation files), and any 
associated documentation or information are expressly subject 
to the terms and conditions of the Altera Program License 
Subscription Agreement, the Altera Quartus II License Agreement,
the Altera MegaCore Function License Agreement, or other 
applicable license agreement, including, without limitation, 
that your use is for the sole purpose of programming logic 
devices manufactured by Altera and sold by Altera or its 
authorized distributors.  Please refer to the applicable 
agreement for further details.



+-------------------------------------------------------------------------------+
; Analysis & Synthesis Summary                                                  ;
+---------------------------------+---------------------------------------------+
; Analysis & Synthesis Status     ; Successful - Fri Jan 19 17:35:31 2018       ;
; Quartus II 64-Bit Version       ; 14.0.0 Build 200 06/17/2014 SJ Full Version ;
; Revision Name                   ; projet_ppm                                  ;
; Top-level Entity Name           ; top_ppm                                     ;
; Family                          ; Cyclone V                                   ;
; Logic utilization (in ALMs)     ; N/A                                         ;
; Total registers                 ; 33                                          ;
; Total pins                      ; 22                                          ;
; Total virtual pins              ; 0                                           ;
; Total block memory bits         ; 0                                           ;
; Total DSP Blocks                ; 4                                           ;
; Total HSSI RX PCSs              ; 0                                           ;
; Total HSSI PMA RX Deserializers ; 0                                           ;
; Total HSSI TX PCSs              ; 0                                           ;
; Total HSSI PMA TX Serializers   ; 0                                           ;
; Total PLLs                      ; 0                                           ;
; Total DLLs                      ; 0                                           ;
+---------------------------------+---------------------------------------------+


+---------------------------------------------------------------------------------------------------------------------------+
; Analysis & Synthesis Settings                                                                                             ;
+---------------------------------------------------------------------------------+--------------------+--------------------+
; Option                                                                          ; Setting            ; Default Value      ;
+---------------------------------------------------------------------------------+--------------------+--------------------+
; Device                                                                          ; 5CSEMA5F31C6       ;                    ;
; Top-level entity name                                                           ; top_ppm            ; projet_ppm         ;
; Family name                                                                     ; Cyclone V          ; Cyclone IV GX      ;
; Use smart compilation                                                           ; Off                ; Off                ;
; Enable parallel Assembler and TimeQuest Timing Analyzer during compilation      ; On                 ; On                 ;
; Enable compact report table                                                     ; Off                ; Off                ;
; Restructure Multiplexers                                                        ; Auto               ; Auto               ;
; MLAB Add Timing Constraints For Mixed-Port Feed-Through Mode Setting Don't Care ; Off                ; Off                ;
; Create Debugging Nodes for IP Cores                                             ; Off                ; Off                ;
; Preserve fewer node names                                                       ; On                 ; On                 ;
; Disable OpenCore Plus hardware evaluation                                       ; Off                ; Off                ;
; Verilog Version                                                                 ; Verilog_2001       ; Verilog_2001       ;
; VHDL Version                                                                    ; VHDL_1993          ; VHDL_1993          ;
; State Machine Processing                                                        ; Auto               ; Auto               ;
; Safe State Machine                                                              ; Off                ; Off                ;
; Extract Verilog State Machines                                                  ; On                 ; On                 ;
; Extract VHDL State Machines                                                     ; On                 ; On                 ;
; Ignore Verilog initial constructs                                               ; Off                ; Off                ;
; Iteration limit for constant Verilog loops                                      ; 5000               ; 5000               ;
; Iteration limit for non-constant Verilog loops                                  ; 250                ; 250                ;
; Add Pass-Through Logic to Inferred RAMs                                         ; On                 ; On                 ;
; Infer RAMs from Raw Logic                                                       ; On                 ; On                 ;
; Parallel Synthesis                                                              ; On                 ; On                 ;
; DSP Block Balancing                                                             ; Auto               ; Auto               ;
; NOT Gate Push-Back                                                              ; On                 ; On                 ;
; Power-Up Don't Care                                                             ; On                 ; On                 ;
; Remove Redundant Logic Cells                                                    ; Off                ; Off                ;
; Remove Duplicate Registers                                                      ; On                 ; On                 ;
; Ignore CARRY Buffers                                                            ; Off                ; Off                ;
; Ignore CASCADE Buffers                                                          ; Off                ; Off                ;
; Ignore GLOBAL Buffers                                                           ; Off                ; Off                ;
; Ignore ROW GLOBAL Buffers                                                       ; Off                ; Off                ;
; Ignore LCELL Buffers                                                            ; Off                ; Off                ;
; Ignore SOFT Buffers                                                             ; On                 ; On                 ;
; Limit AHDL Integers to 32 Bits                                                  ; Off                ; Off                ;
; Optimization Technique                                                          ; Balanced           ; Balanced           ;
; Carry Chain Length                                                              ; 70                 ; 70                 ;
; Auto Carry Chains                                                               ; On                 ; On                 ;
; Auto Open-Drain Pins                                                            ; On                 ; On                 ;
; Perform WYSIWYG Primitive Resynthesis                                           ; Off                ; Off                ;
; Auto ROM Replacement                                                            ; On                 ; On                 ;
; Auto RAM Replacement                                                            ; On                 ; On                 ;
; Auto DSP Block Replacement                                                      ; On                 ; On                 ;
; Auto Shift Register Replacement                                                 ; Auto               ; Auto               ;
; Allow Shift Register Merging across Hierarchies                                 ; Auto               ; Auto               ;
; Auto Clock Enable Replacement                                                   ; On                 ; On                 ;
; Strict RAM Replacement                                                          ; Off                ; Off                ;
; Allow Synchronous Control Signals                                               ; On                 ; On                 ;
; Force Use of Synchronous Clear Signals                                          ; Off                ; Off                ;
; Auto Resource Sharing                                                           ; Off                ; Off                ;
; Allow Any RAM Size For Recognition                                              ; Off                ; Off                ;
; Allow Any ROM Size For Recognition                                              ; Off                ; Off                ;
; Allow Any Shift Register Size For Recognition                                   ; Off                ; Off                ;
; Use LogicLock Constraints during Resource Balancing                             ; On                 ; On                 ;
; Ignore translate_off and synthesis_off directives                               ; Off                ; Off                ;
; Timing-Driven Synthesis                                                         ; On                 ; On                 ;
; Report Parameter Settings                                                       ; On                 ; On                 ;
; Report Source Assignments                                                       ; On                 ; On                 ;
; Report Connectivity Checks                                                      ; On                 ; On                 ;
; Ignore Maximum Fan-Out Assignments                                              ; Off                ; Off                ;
; Synchronization Register Chain Length                                           ; 3                  ; 3                  ;
; PowerPlay Power Optimization                                                    ; Normal compilation ; Normal compilation ;
; HDL message level                                                               ; Level2             ; Level2             ;
; Suppress Register Optimization Related Messages                                 ; Off                ; Off                ;
; Number of Removed Registers Reported in Synthesis Report                        ; 5000               ; 5000               ;
; Number of Swept Nodes Reported in Synthesis Report                              ; 5000               ; 5000               ;
; Number of Inverted Registers Reported in Synthesis Report                       ; 100                ; 100                ;
; Clock MUX Protection                                                            ; On                 ; On                 ;
; Auto Gated Clock Conversion                                                     ; Off                ; Off                ;
; Block Design Naming                                                             ; Auto               ; Auto               ;
; SDC constraint protection                                                       ; Off                ; Off                ;
; Synthesis Effort                                                                ; Auto               ; Auto               ;
; Shift Register Replacement - Allow Asynchronous Clear Signal                    ; On                 ; On                 ;
; Pre-Mapping Resynthesis Optimization                                            ; Off                ; Off                ;
; Analysis & Synthesis Message Level                                              ; Medium             ; Medium             ;
; Disable Register Merging Across Hierarchies                                     ; Auto               ; Auto               ;
; Resource Aware Inference For Block RAM                                          ; On                 ; On                 ;
; Synthesis Seed                                                                  ; 1                  ; 1                  ;
; Automatic Parallel Synthesis                                                    ; On                 ; On                 ;
; Partial Reconfiguration Bitstream ID                                            ; Off                ; Off                ;
+---------------------------------------------------------------------------------+--------------------+--------------------+


+------------------------------------------+
; Parallel Compilation                     ;
+----------------------------+-------------+
; Processors                 ; Number      ;
+----------------------------+-------------+
; Number detected on machine ; 2           ;
; Maximum allowed            ; 2           ;
;                            ;             ;
; Average used               ; 1.00        ;
; Maximum used               ; 2           ;
;                            ;             ;
; Usage by Processor         ; % Time Used ;
;     Processor 1            ; 100.0%      ;
;     Processor 2            ; < 0.1%      ;
+----------------------------+-------------+


+--------------------------------------------------------------------------------------------------------------------------------------------+
; Analysis & Synthesis Source Files Read                                                                                                     ;
+----------------------------------+-----------------+-----------------+-----------------------------------------------------------+---------+
; File Name with User-Entered Path ; Used in Netlist ; File Type       ; File Name with Absolute Path                              ; Library ;
+----------------------------------+-----------------+-----------------+-----------------------------------------------------------+---------+
; top_ppm.vhd                      ; yes             ; User VHDL File  ; /tp/xph3app/xph3app602/projet_drone/VHD/top_ppm.vhd       ;         ;
; decoder.vhd                      ; yes             ; User VHDL File  ; /tp/xph3app/xph3app602/projet_drone/VHD/decoder.vhd       ;         ;
; send_ppm.vhd                     ; yes             ; User VHDL File  ; /tp/xph3app/xph3app602/projet_drone/VHD/send_ppm.vhd      ;         ;
; local_counter.vhd                ; yes             ; User VHDL File  ; /tp/xph3app/xph3app602/projet_drone/VHD/local_counter.vhd ;         ;
; constants.vhd                    ; yes             ; User VHDL File  ; /tp/xph3app/xph3app602/projet_drone/VHD/constants.vhd     ;         ;
+----------------------------------+-----------------+-----------------+-----------------------------------------------------------+---------+


+---------------------------------------------------------------+
; Analysis & Synthesis Resource Usage Summary                   ;
+---------------------------------------------+-----------------+
; Resource                                    ; Usage           ;
+---------------------------------------------+-----------------+
; Estimate of Logic utilization (ALMs needed) ; 174             ;
;                                             ;                 ;
; Combinational ALUT usage for logic          ; 307             ;
;     -- 7 input functions                    ; 0               ;
;     -- 6 input functions                    ; 39              ;
;     -- 5 input functions                    ; 12              ;
;     -- 4 input functions                    ; 6               ;
;     -- <=3 input functions                  ; 250             ;
;                                             ;                 ;
; Dedicated logic registers                   ; 33              ;
;                                             ;                 ;
; I/O pins                                    ; 22              ;
; Total DSP Blocks                            ; 4               ;
; Maximum fan-out node                        ; i_clk_top~input ;
; Maximum fan-out                             ; 33              ;
; Total fan-out                               ; 984             ;
; Average fan-out                             ; 2.54            ;
+---------------------------------------------+-----------------+


+----------------------------------------------------------------------------------------------------------------------------------------------------------------------------------------------------------+
; Analysis & Synthesis Resource Utilization by Entity                                                                                                                                                      ;
+--------------------------------------+-------------------+--------------+-------------------+------------+------+--------------+----------------------------------------------------------+--------------+
; Compilation Hierarchy Node           ; LC Combinationals ; LC Registers ; Block Memory Bits ; DSP Blocks ; Pins ; Virtual Pins ; Full Hierarchy Name                                      ; Library Name ;
+--------------------------------------+-------------------+--------------+-------------------+------------+------+--------------+----------------------------------------------------------+--------------+
; |top_ppm                             ; 307 (0)           ; 33 (0)       ; 0                 ; 4          ; 22   ; 0            ; |top_ppm                                                 ; work         ;
;    |send_ppm:send_ppm1|              ; 307 (285)         ; 33 (13)      ; 0                 ; 4          ; 0    ; 0            ; |top_ppm|send_ppm:send_ppm1                              ; work         ;
;       |local_counter:local_counter1| ; 22 (22)           ; 20 (20)      ; 0                 ; 0          ; 0    ; 0            ; |top_ppm|send_ppm:send_ppm1|local_counter:local_counter1 ; work         ;
+--------------------------------------+-------------------+--------------+-------------------+------------+------+--------------+----------------------------------------------------------+--------------+
Note: For table entries with two numbers listed, the numbers in parentheses indicate the number of resources of the given type used by the specific entity alone. The numbers listed outside of parentheses indicate the total resources of the given type used by the specific entity and all of its sub-entities in the hierarchy.


+-----------------------------------------------------------------------------+
; Analysis & Synthesis DSP Block Usage Summary                                ;
+---------------------+-------------+---------------------+-------------------+
; Statistic           ; Number Used ; Available per Block ; Maximum Available ;
+---------------------+-------------+---------------------+-------------------+
; Independent 9x9     ; 4           ; 3.00                ; --                ;
; DSP Block           ; 4           ; --                  ; --                ;
; DSP 27-bit Element  ; 4           ; 1.00                ; --                ;
; Unsigned Multiplier ; 4           ; --                  ; --                ;
+---------------------+-------------+---------------------+-------------------+


Encoding Type:  One-Hot
+---------------------------------------------------------------------------------------------------------------------------------------------+
; State Machine - |top_ppm|send_ppm:send_ppm1|current_state                                                                                   ;
+-------------------------+-------------------------+---------------------+-----------------------+---------------------+---------------------+
; Name                    ; current_state.fin_trame ; current_state.tempo ; current_state.synchro ; current_state.pulse ; current_state.reset ;
+-------------------------+-------------------------+---------------------+-----------------------+---------------------+---------------------+
; current_state.reset     ; 0                       ; 0                   ; 0                     ; 0                   ; 0                   ;
; current_state.pulse     ; 0                       ; 0                   ; 0                     ; 1                   ; 1                   ;
; current_state.synchro   ; 0                       ; 0                   ; 1                     ; 0                   ; 1                   ;
; current_state.tempo     ; 0                       ; 1                   ; 0                     ; 0                   ; 1                   ;
; current_state.fin_trame ; 1                       ; 0                   ; 0                     ; 0                   ; 1                   ;
+-------------------------+-------------------------+---------------------+-----------------------+---------------------+---------------------+


+-------------------------------------------------------------------------------------------------------------------------------------+
; Registers Removed During Synthesis                                                                                                  ;
+-----------------------------------------------------------+-------------------------------------------------------------------------+
; Register name                                             ; Reason for Removal                                                      ;
+-----------------------------------------------------------+-------------------------------------------------------------------------+
; send_ppm:send_ppm1|local_counter:local_counter1|v_val[19] ; Merged with send_ppm:send_ppm1|local_counter:local_counter1|o_count[19] ;
; send_ppm:send_ppm1|local_counter:local_counter1|v_val[18] ; Merged with send_ppm:send_ppm1|local_counter:local_counter1|o_count[18] ;
; send_ppm:send_ppm1|local_counter:local_counter1|v_val[17] ; Merged with send_ppm:send_ppm1|local_counter:local_counter1|o_count[17] ;
; send_ppm:send_ppm1|local_counter:local_counter1|v_val[16] ; Merged with send_ppm:send_ppm1|local_counter:local_counter1|o_count[16] ;
; send_ppm:send_ppm1|local_counter:local_counter1|v_val[15] ; Merged with send_ppm:send_ppm1|local_counter:local_counter1|o_count[15] ;
; send_ppm:send_ppm1|local_counter:local_counter1|v_val[14] ; Merged with send_ppm:send_ppm1|local_counter:local_counter1|o_count[14] ;
; send_ppm:send_ppm1|local_counter:local_counter1|v_val[13] ; Merged with send_ppm:send_ppm1|local_counter:local_counter1|o_count[13] ;
; send_ppm:send_ppm1|local_counter:local_counter1|v_val[12] ; Merged with send_ppm:send_ppm1|local_counter:local_counter1|o_count[12] ;
; send_ppm:send_ppm1|local_counter:local_counter1|v_val[11] ; Merged with send_ppm:send_ppm1|local_counter:local_counter1|o_count[11] ;
; send_ppm:send_ppm1|local_counter:local_counter1|v_val[10] ; Merged with send_ppm:send_ppm1|local_counter:local_counter1|o_count[10] ;
; send_ppm:send_ppm1|local_counter:local_counter1|v_val[9]  ; Merged with send_ppm:send_ppm1|local_counter:local_counter1|o_count[9]  ;
; send_ppm:send_ppm1|local_counter:local_counter1|v_val[8]  ; Merged with send_ppm:send_ppm1|local_counter:local_counter1|o_count[8]  ;
; send_ppm:send_ppm1|local_counter:local_counter1|v_val[7]  ; Merged with send_ppm:send_ppm1|local_counter:local_counter1|o_count[7]  ;
; send_ppm:send_ppm1|local_counter:local_counter1|v_val[6]  ; Merged with send_ppm:send_ppm1|local_counter:local_counter1|o_count[6]  ;
; send_ppm:send_ppm1|local_counter:local_counter1|v_val[5]  ; Merged with send_ppm:send_ppm1|local_counter:local_counter1|o_count[5]  ;
; send_ppm:send_ppm1|local_counter:local_counter1|v_val[4]  ; Merged with send_ppm:send_ppm1|local_counter:local_counter1|o_count[4]  ;
; send_ppm:send_ppm1|local_counter:local_counter1|v_val[3]  ; Merged with send_ppm:send_ppm1|local_counter:local_counter1|o_count[3]  ;
; send_ppm:send_ppm1|local_counter:local_counter1|v_val[2]  ; Merged with send_ppm:send_ppm1|local_counter:local_counter1|o_count[2]  ;
; send_ppm:send_ppm1|local_counter:local_counter1|v_val[1]  ; Merged with send_ppm:send_ppm1|local_counter:local_counter1|o_count[1]  ;
; send_ppm:send_ppm1|local_counter:local_counter1|v_val[0]  ; Merged with send_ppm:send_ppm1|local_counter:local_counter1|o_count[0]  ;
; send_ppm:send_ppm1|sig_reg_storage[25..31]                ; Merged with send_ppm:send_ppm1|sig_reg_storage[24]                      ;
; send_ppm:send_ppm1|sig_reg_storage[17..23]                ; Merged with send_ppm:send_ppm1|sig_reg_storage[16]                      ;
; send_ppm:send_ppm1|sig_reg_storage[8,9,11..15]            ; Merged with send_ppm:send_ppm1|sig_reg_storage[10]                      ;
; send_ppm:send_ppm1|sig_reg_storage[1..7]                  ; Merged with send_ppm:send_ppm1|sig_reg_storage[0]                       ;
; Total Number of Removed Registers = 48                    ;                                                                         ;
+-----------------------------------------------------------+-------------------------------------------------------------------------+


+------------------------------------------------------+
; General Register Statistics                          ;
+----------------------------------------------+-------+
; Statistic                                    ; Value ;
+----------------------------------------------+-------+
; Total registers                              ; 33    ;
; Number of registers using Synchronous Clear  ; 20    ;
; Number of registers using Synchronous Load   ; 0     ;
; Number of registers using Asynchronous Clear ; 0     ;
; Number of registers using Asynchronous Load  ; 0     ;
; Number of registers using Clock Enable       ; 7     ;
; Number of registers using Preset             ; 0     ;
+----------------------------------------------+-------+


+-----------------------------------------------------------------------------------------------------------------------------------------------------------------------------------+
; Multiplexer Restructuring Statistics (Restructuring Performed)                                                                                                                    ;
+--------------------+-----------+---------------+----------------------+------------------------+------------+---------------------------------------------------------------------+
; Multiplexer Inputs ; Bus Width ; Baseline Area ; Area if Restructured ; Saving if Restructured ; Registered ; Example Multiplexer Output                                          ;
+--------------------+-----------+---------------+----------------------+------------------------+------------+---------------------------------------------------------------------+
; 3:1                ; 20 bits   ; 40 LEs        ; 0 LEs                ; 40 LEs                 ; Yes        ; |top_ppm|send_ppm:send_ppm1|local_counter:local_counter1|o_count[9] ;
; 8:1                ; 3 bits    ; 15 LEs        ; 6 LEs                ; 9 LEs                  ; Yes        ; |top_ppm|send_ppm:send_ppm1|sig_state[2]                            ;
; 4:1                ; 2 bits    ; 4 LEs         ; 4 LEs                ; 0 LEs                  ; No         ; |top_ppm|send_ppm:send_ppm1|next_state                              ;
+--------------------+-----------+---------------+----------------------+------------------------+------------+---------------------------------------------------------------------+


+---------------------------------------------------+
; Source assignments for Top-level Entity: |top_ppm ;
+------------+----------+------+--------------------+
; Assignment ; Value    ; From ; To                 ;
+------------+----------+------+--------------------+
; LOCATION   ; Pin_AE12 ; -    ; i_sel_top[3]       ;
; LOCATION   ; Pin_AD10 ; -    ; i_sel_top[2]       ;
; LOCATION   ; Pin_AC9  ; -    ; i_sel_top[1]       ;
; LOCATION   ; Pin_AE11 ; -    ; i_sel_top[0]       ;
; LOCATION   ; Pin_AD12 ; -    ; SW[5]              ;
; LOCATION   ; Pin_AD11 ; -    ; SW[4]              ;
; LOCATION   ; Pin_AF10 ; -    ; SW[3]              ;
; LOCATION   ; Pin_AF9  ; -    ; SW[2]              ;
; LOCATION   ; Pin_AC12 ; -    ; SW[1]              ;
; LOCATION   ; Pin_AB12 ; -    ; SW[0]              ;
; LOCATION   ; Pin_W20  ; -    ; LEDR[7]            ;
; LOCATION   ; Pin_Y19  ; -    ; LEDR[6]            ;
; LOCATION   ; Pin_W19  ; -    ; LEDR[5]            ;
; LOCATION   ; Pin_W17  ; -    ; LEDR[4]            ;
; LOCATION   ; Pin_V18  ; -    ; LEDR[3]            ;
; LOCATION   ; Pin_V17  ; -    ; LEDR[2]            ;
; LOCATION   ; Pin_W16  ; -    ; LEDR[1]            ;
; LOCATION   ; Pin_V16  ; -    ; LEDR[0]            ;
; LOCATION   ; Pin_AF14 ; -    ; i_clk_top          ;
; LOCATION   ; Pin_Y16  ; -    ; i_reset_n_top      ;
; LOCATION   ; Pin_AB17 ; -    ; o_ppm_top          ;
; LOCATION   ; Pin_AA21 ; -    ; servo              ;
+------------+----------+------+--------------------+


+-----------------------------------------------------+
; Post-Synthesis Netlist Statistics for Top Partition ;
+-----------------------+-----------------------------+
; Type                  ; Count                       ;
+-----------------------+-----------------------------+
; arriav_ff             ; 33                          ;
;     ENA               ; 7                           ;
;     SCLR              ; 20                          ;
;     plain             ; 6                           ;
; arriav_lcell_comb     ; 308                         ;
;     arith             ; 202                         ;
;         0 data inputs ; 8                           ;
;         1 data inputs ; 174                         ;
;         2 data inputs ; 20                          ;
;     normal            ; 87                          ;
;         0 data inputs ; 1                           ;
;         2 data inputs ; 27                          ;
;         3 data inputs ; 2                           ;
;         4 data inputs ; 6                           ;
;         5 data inputs ; 12                          ;
;         6 data inputs ; 39                          ;
;     shared            ; 19                          ;
;         3 data inputs ; 19                          ;
; arriav_mac            ; 4                           ;
; boundary_port         ; 22                          ;
;                       ;                             ;
; Max LUT depth         ; 10.20                       ;
; Average LUT depth     ; 8.47                        ;
+-----------------------+-----------------------------+


+-------------------------------+
; Elapsed Time Per Partition    ;
+----------------+--------------+
; Partition Name ; Elapsed Time ;
+----------------+--------------+
; Top            ; 00:00:01     ;
+----------------+--------------+


+-------------------------------+
; Analysis & Synthesis Messages ;
+-------------------------------+
Info: *******************************************************************
Info: Running Quartus II 64-Bit Analysis & Synthesis
    Info: Version 14.0.0 Build 200 06/17/2014 SJ Full Version
    Info: Processing started: Fri Jan 19 17:35:26 2018
Info: Command: quartus_map --read_settings_files=on --write_settings_files=off projet_ppm -c projet_ppm
Info (20030): Parallel compilation is enabled and will use 2 of the 2 processors detected
Info (12021): Found 2 design units, including 1 entities, in source file top_ppm.vhd
    Info (12022): Found design unit 1: top_ppm-rtl
    Info (12023): Found entity 1: top_ppm
Info (12021): Found 2 design units, including 1 entities, in source file decoder.vhd
    Info (12022): Found design unit 1: decoder-rtl
    Info (12023): Found entity 1: decoder
Info (12021): Found 2 design units, including 1 entities, in source file send_ppm.vhd
    Info (12022): Found design unit 1: send_ppm-rtl
    Info (12023): Found entity 1: send_ppm
Info (12021): Found 2 design units, including 1 entities, in source file local_counter.vhd
    Info (12022): Found design unit 1: local_counter-b
    Info (12023): Found entity 1: local_counter
Info (12021): Found 1 design units, including 0 entities, in source file constants.vhd
    Info (12022): Found design unit 1: constants_package
Info (12127): Elaborating entity "top_ppm" for the top level hierarchy
Warning (10873): Using initial value X (don't care) for net "LEDR[6]" at top_ppm.vhd(22)
Info (12128): Elaborating entity "decoder" for hierarchy "decoder:decoder1"
Info (12128): Elaborating entity "send_ppm" for hierarchy "send_ppm:send_ppm1"
Warning (10036): Verilog HDL or VHDL warning at send_ppm.vhd(88): object "sig_flag_ppm_ready" assigned a value but never read
Info (12128): Elaborating entity "local_counter" for hierarchy "send_ppm:send_ppm1|local_counter:local_counter1"
Warning (13024): Output pins are stuck at VCC or GND
    Warning (13410): Pin "LEDR[6]" is stuck at GND
Info (286030): Timing-Driven Synthesis is running
Info (16010): Generating hard_block partition "hard_block:auto_generated_inst"
    Info (16011): Adding 0 node(s), including 0 DDIO, 0 PLL, 0 transceiver and 0 LCELL
Warning (21074): Design contains 1 input pin(s) that do not drive logic
    Warning (15610): No output dependent on input pin "servo"
Info (21057): Implemented 338 device resources after synthesis - the final resource count might be different
    Info (21058): Implemented 13 input pins
    Info (21059): Implemented 9 output pins
    Info (21061): Implemented 312 logic cells
    Info (21062): Implemented 4 DSP elements
Info: Quartus II 64-Bit Analysis & Synthesis was successful. 0 errors, 6 warnings
    Info: Peak virtual memory: 855 megabytes
    Info: Processing ended: Fri Jan 19 17:35:31 2018
    Info: Elapsed time: 00:00:05
    Info: Total CPU time (on all processors): 00:00:04


