FSM 1 : VALID TRANSITION GRAPH

00001 : FSM STATE NOT REACHABLE FROM OUTSIDE.

   OUTGOING TRANSITIONS:
      00100
      00010
      00001

   INCOMING TRANSITIONS:
      01000
      00001
      00010
      10000


00010 : FSM STATE NOT REACHABLE FROM OUTSIDE.

   OUTGOING TRANSITIONS:
      00001
      00010

   INCOMING TRANSITIONS:
      00001
      00010


00100 : FSM STATE NOT REACHABLE FROM OUTSIDE.

   OUTGOING TRANSITIONS:
      10000
      00100

   INCOMING TRANSITIONS:
      00001
      00100


01000 : STATE IS REACHABLE FROM OUTSIDE.

   OUTGOING TRANSITIONS:
      00001


10000 : FSM STATE NOT REACHABLE FROM OUTSIDE.

   OUTGOING TRANSITIONS:
      00001

   INCOMING TRANSITIONS:
      00100


FSM 1 : VALID TRANSITION GRAPH

00001 : FSM STATE NOT REACHABLE FROM OUTSIDE.

   OUTGOING TRANSITIONS:
      00100
      00010
      00001

   INCOMING TRANSITIONS:
      01000
      00001
      00010
      10000


00010 : FSM STATE NOT REACHABLE FROM OUTSIDE.

   OUTGOING TRANSITIONS:
      00001
      00010

   INCOMING TRANSITIONS:
      00001
      00010


00100 : FSM STATE NOT REACHABLE FROM OUTSIDE.

   OUTGOING TRANSITIONS:
      10000
      00100

   INCOMING TRANSITIONS:
      00001
      00100


01000 : STATE IS REACHABLE FROM OUTSIDE.

   OUTGOING TRANSITIONS:
      00001


10000 : FSM STATE NOT REACHABLE FROM OUTSIDE.

   OUTGOING TRANSITIONS:
      00001

   INCOMING TRANSITIONS:
      00100


FSM 1 : VALID TRANSITION GRAPH

00001 : FSM STATE NOT REACHABLE FROM OUTSIDE.

   OUTGOING TRANSITIONS:
      00100
      00010
      00001

   INCOMING TRANSITIONS:
      01000
      00001
      00010
      10000


00010 : FSM STATE NOT REACHABLE FROM OUTSIDE.

   OUTGOING TRANSITIONS:
      00001
      00010

   INCOMING TRANSITIONS:
      00001
      00010


00100 : FSM STATE NOT REACHABLE FROM OUTSIDE.

   OUTGOING TRANSITIONS:
      10000
      00100

   INCOMING TRANSITIONS:
      00001
      00100


01000 : STATE IS REACHABLE FROM OUTSIDE.

   OUTGOING TRANSITIONS:
      00001


10000 : FSM STATE NOT REACHABLE FROM OUTSIDE.

   OUTGOING TRANSITIONS:
      00001

   INCOMING TRANSITIONS:
      00100


